// Jest Snapshot v1, https://goo.gl/fbAQLP

exports[`Components Test Header Test 1`] = `
<div
  className="Header"
>
  <h3>
    CryptoCurrency Info
  </h3>
  <p>
    Built with
    <img
      alt="coincap"
      src="coincap-logo.png"
    />
    API and Cryptocurrency-Icons
  </p>
</div>
`;

exports[`Components Test HomePage Test 1`] = `
<div
  className="container"
>
  <div
    className="selector"
  >
    <select
      id="filter"
      name="filter"
      onInput={[Function]}
    >
      <option
        defaultValue="All"
      >
        All
      </option>
      <option
        value="10"
      >
        1 to 10
      </option>
      <option
        value="20"
      >
        11 to 20
      </option>
      <option
        value="30"
      >
        21 to 30
      </option>
      <option
        value="40"
      >
        31 to 40
      </option>
      <option
        value="50"
      >
        41 to 50
      </option>
      <option
        value="60"
      >
        51 to 60
      </option>
      <option
        value="70"
      >
        61 to 70
      </option>
      <option
        value="80"
      >
        71 to 80
      </option>
      <option
        value="90"
      >
        81 to 90
      </option>
      <option
        value="100"
      >
        91 to 100
      </option>
    </select>
  </div>
  <ul
    className="cryptos"
  />
</div>
`;
